// Jest Snapshot v1, https://goo.gl/fbAQLP

exports[`  1`] = `
<h1>
  react avancado
</h1>
`
